[    1531ms] [VERBOSE] [DOM] Password field is not contained in a form: (More info: https://goo.gl/9p2vKq) %o @ https://accounts.google.com/v3/signin/identifier?continue=https%3A%2F%2Fconsole.firebase.google.com%2Fu%2F3%2Fproject%2Fshineportal-ktt%2Fsettings%2Fcloudmessaging&dsh=S1412801898%3A1778650303746956&followup=https%3A%2F%2Fconsole.firebase.google.com%2Fu%2F3%2Fproject%2Fshineportal-ktt%2Fsettings%2Fcloudmessaging&osid=1&passive=1209600&flowName=GlifWebSignIn&flowEntry=ServiceLogin&ifkv=AWa2PavwAsSQHJ4KDFjflaTGERKUjDi_ta84ZpNdTbrnicoE-GmyNsax0Qhnb640_fN5Sw7i96qXhA:0
[    1537ms] [LOG] %c%s color: red; background: yellow; font-size: 24px; WARNING! @ https://www.gstatic.com/_/mss/boq-identity/_/js/k=boq-identity.AccountsSignInUi.en_US.alsf3k9Xrdw.es5.O/am=iW8AAACEQhQhA4Dx_38DAAggiA74ngVoAoQMAAAAAAAAAABYAAAAjQ/d=1/excm=_b,_tp,identifierview/ed=1/dg=0/wt=2/ujg=1/rs=AOaEmlGeAZRJ55zJsyAdBhxYn_4TIutGoQ/dti=1/m=_b,_tp:545
[    1537ms] [LOG] %c%s font-size: 18px; Using this console may allow attackers to impersonate you and steal your information using an attack called Self-XSS.
Do not enter or paste code that you do not understand. @ https://www.gstatic.com/_/mss/boq-identity/_/js/k=boq-identity.AccountsSignInUi.en_US.alsf3k9Xrdw.es5.O/am=iW8AAACEQhQhA4Dx_38DAAggiA74ngVoAoQMAAAAAAAAAABYAAAAjQ/d=1/excm=_b,_tp,identifierview/ed=1/dg=0/wt=2/ujg=1/rs=AOaEmlGeAZRJ55zJsyAdBhxYn_4TIutGoQ/dti=1/m=_b,_tp:545
[   23632ms] [WARNING] Blocked aria-hidden on an element because its descendant retained focus. The focus must not be hidden from assistive technology users. Avoid using aria-hidden on a focused element or its ancestor. Consider using the inert attribute instead, which will also prevent focus. For more details, see the aria-hidden section of the WAI-ARIA specification at https://w3c.github.io/aria/#aria-hidden.
Element with focus: <div.sZwd7c B6Vhqe>
Ancestor with aria-hidden: <div.TdwKnf> @ https://accounts.google.com/v3/signin/identifier?continue=https%3A%2F%2Fconsole.firebase.google.com%2Fu%2F3%2Fproject%2Fshineportal-ktt%2Fsettings%2Fcloudmessaging&dsh=S1412801898%3A1778650303746956&followup=https%3A%2F%2Fconsole.firebase.google.com%2Fu%2F3%2Fproject%2Fshineportal-ktt%2Fsettings%2Fcloudmessaging&osid=1&passive=1209600&flowName=GlifWebSignIn&flowEntry=ServiceLogin&ifkv=AWa2PavwAsSQHJ4KDFjflaTGERKUjDi_ta84ZpNdTbrnicoE-GmyNsax0Qhnb640_fN5Sw7i96qXhA:0
[   46299ms] [ERROR] Failed to load resource: the server responded with a status of 403 () @ https://firebase.clients6.google.com/$rpc/google.firebase.service.v1beta1.FirebaseProjectService/SearchFirebaseApps:0
[   46300ms] [ERROR] Failed to load resource: the server responded with a status of 403 () @ https://firebase.clients6.google.com/$rpc/google.firebase.service.v1beta1.WebAppService/ListWebApps:0
[   46301ms] [ERROR] Failed to load resource: the server responded with a status of 403 () @ https://firebase.clients6.google.com/$rpc/google.firebase.service.v1beta1.AndroidAppService/ListAndroidApps:0
[   46432ms] kf
[   46432ms] kf
[   46432ms] kf
[   46428ms] [ERROR] Failed to load resource: the server responded with a status of 404 () @ https://cloudusersettings-pa.clients6.google.com/v1alpha1/settings/SHELL_STARS_GLOBAL?key.subkey=PROJECT&key=AIzaSyDovLKo3djdRbs963vqKdbj-geRWyzMTrg&alt=json:0
[   46429ms] [ERROR] Failed to load resource: the server responded with a status of 404 () @ https://cloudusersettings-pa.clients6.google.com/v1alpha1/settings/SHELL_STARS_GLOBAL?key.subkey=FIREBASE_STUDIO_WORKSPACE&key=AIzaSyDovLKo3djdRbs963vqKdbj-geRWyzMTrg&alt=json:0
[   46429ms] [ERROR] Failed to load resource: the server responded with a status of 403 () @ https://firebase.clients6.google.com/v1beta1/projects/shineportal-ktt/analyticsDetails?key=AIzaSyDovLKo3djdRbs963vqKdbj-geRWyzMTrg&alt=json:0
[   46453ms] [ERROR] Failed to load resource: the server responded with a status of 403 () @ https://firebase.clients6.google.com/v1beta1/projects/shineportal-ktt?key=AIzaSyDovLKo3djdRbs963vqKdbj-geRWyzMTrg&alt=json:0
[   46453ms] [ERROR] Failed to load resource: the server responded with a status of 403 () @ https://firebase.clients6.google.com/$rpc/google.firebase.service.v1beta1.IosAppService/ListIosApps:0
[   46456ms] kf
[   46865ms] [ERROR] Failed to load resource: the server responded with a status of 404 () @ https://cloudusersettings-pa.clients6.google.com/v1alpha1/settings/FIREBASE_PROMOS_DISMISSED_UNTIL?key.subkey=mfa_conformance_banner_2024_12_21&alt=json&key=AIzaSyDovLKo3djdRbs963vqKdbj-geRWyzMTrg:0
[   47040ms] [ERROR] Failed to load resource: the server responded with a status of 404 () @ https://cloudusersettings-pa.clients6.google.com/v1alpha1/settings/FIREBASE_CONSOLE_LEFT_NAV_EXPAND_COLLAPSE?key.subkey=SIDENAV_HORIZONTAL_EXPANDED&alt=json&key=AIzaSyDovLKo3djdRbs963vqKdbj-geRWyzMTrg:0
[   47119ms] [ERROR] Failed to load resource: the server responded with a status of 404 () @ https://cloudusersettings-pa.clients6.google.com/v1alpha1/settings/FIREBASE_CONSOLE_NAVBAR_PROMO?alt=json&key=AIzaSyDovLKo3djdRbs963vqKdbj-geRWyzMTrg:0
[   47239ms] [ERROR] Failed to load resource: the server responded with a status of 404 () @ https://developers.clients6.google.com/$rpc/google.developers.v1beta1.DeveloperProfilesService/GetProfile:0
[   47280ms] [ERROR] Failed to load resource: the server responded with a status of 404 () @ https://cloudusersettings-pa.clients6.google.com/v1alpha1/settings/FIREBASE_CONSOLE_RECENT_PAGE_LINKS?key.projectId=shineportal-ktt&alt=json&key=AIzaSyDovLKo3djdRbs963vqKdbj-geRWyzMTrg:0
[   47529ms] [ERROR] Failed to load resource: the server responded with a status of 403 () @ https://cloudresourcemanager.clients6.google.com/$rpc/google.cloud.resourcemanager.v3.Projects/GetProject:0
[   47531ms] kf
[  266243ms] [ERROR] Failed to load resource: the server responded with a status of 404 () @ https://cloudusersettings-pa.clients6.google.com/v1alpha1/settings/FIREBASE_PROMOS_DISMISSED_UNTIL?key.subkey=mfa_conformance_banner_2024_12_21&alt=json&key=AIzaSyDovLKo3djdRbs963vqKdbj-geRWyzMTrg:0
[  266265ms] [ERROR] Failed to load resource: the server responded with a status of 404 () @ https://cloudusersettings-pa.clients6.google.com/v1alpha1/settings/SHELL_STARS_GLOBAL?key.subkey=PROJECT&key=AIzaSyDovLKo3djdRbs963vqKdbj-geRWyzMTrg&alt=json:0
[  266266ms] [ERROR] Failed to load resource: the server responded with a status of 404 () @ https://cloudusersettings-pa.clients6.google.com/v1alpha1/settings/SHELL_STARS_GLOBAL?key.subkey=FIREBASE_STUDIO_WORKSPACE&key=AIzaSyDovLKo3djdRbs963vqKdbj-geRWyzMTrg&alt=json:0
[  266280ms] [ERROR] Failed to load resource: the server responded with a status of 404 () @ https://cloudusersettings-pa.clients6.google.com/v1alpha1/settings/FIREBASE_CONSOLE_LEFT_NAV_EXPAND_COLLAPSE?key.subkey=SIDENAV_HORIZONTAL_EXPANDED&alt=json&key=AIzaSyDovLKo3djdRbs963vqKdbj-geRWyzMTrg:0
[  266282ms] [ERROR] Framing 'https://console.cloud.google.com/' violates the following report-only Content Security Policy directive: "frame-ancestors 'self'". The violation has been logged, but no further action has been taken.
 @ :0
[  266295ms] [ERROR] Failed to load resource: the server responded with a status of 404 () @ https://cloudusersettings-pa.clients6.google.com/v1alpha1/settings/FIREBASE_CONSOLE_NAVBAR_PROMO?alt=json&key=AIzaSyDovLKo3djdRbs963vqKdbj-geRWyzMTrg:0
[  266319ms] [ERROR] Failed to load resource: the server responded with a status of 404 () @ https://cloudusersettings-pa.clients6.google.com/v1alpha1/settings/FIREBASE_CONSOLE_RECENT_PAGE_LINKS?key.projectId=shineportal-ktt&alt=json&key=AIzaSyDovLKo3djdRbs963vqKdbj-geRWyzMTrg:0
[  266337ms] [ERROR] Failed to load resource: the server responded with a status of 403 () @ https://firebase.clients6.google.com/$rpc/google.firebase.service.v1beta1.WebAppService/ListWebApps:0
[  266342ms] [ERROR] kf @ https://www.gstatic.com/_/fireconsole/_/js/k=fireconsole.ngh.en_US.MB1ywtK1jPA.2018.O/am=BBDgyMABJhA/d=1/dg=0/br=1/rs=AON9PukWMW4vJOtQCNtnCvD63iatClJ0vQ/m=b?wli=ngh.GcEHkipkwdI.loadG3markFullWrapper.O%3A%3B:353
[  266352ms] [ERROR] Failed to load resource: the server responded with a status of 403 () @ https://firebase.clients6.google.com/v1beta1/projects/shineportal-ktt/analyticsDetails?key=AIzaSyDovLKo3djdRbs963vqKdbj-geRWyzMTrg&alt=json:0
[  266359ms] [ERROR] Failed to load resource: the server responded with a status of 403 () @ https://firebase.clients6.google.com/$rpc/google.firebase.service.v1beta1.FirebaseProjectService/SearchFirebaseApps:0
[  266359ms] [ERROR] kf @ https://www.gstatic.com/_/fireconsole/_/js/k=fireconsole.ngh.en_US.MB1ywtK1jPA.2018.O/am=BBDgyMABJhA/d=1/dg=0/br=1/rs=AON9PukWMW4vJOtQCNtnCvD63iatClJ0vQ/m=b?wli=ngh.GcEHkipkwdI.loadG3markFullWrapper.O%3A%3B:353
[  266361ms] [ERROR] Failed to load resource: the server responded with a status of 403 () @ https://firebase.clients6.google.com/v1beta1/projects/shineportal-ktt?key=AIzaSyDovLKo3djdRbs963vqKdbj-geRWyzMTrg&alt=json:0
[  266364ms] [ERROR] Failed to load resource: the server responded with a status of 403 () @ https://firebase.clients6.google.com/$rpc/google.firebase.service.v1beta1.IosAppService/ListIosApps:0
[  266364ms] [ERROR] kf @ https://www.gstatic.com/_/fireconsole/_/js/k=fireconsole.ngh.en_US.MB1ywtK1jPA.2018.O/am=BBDgyMABJhA/d=1/dg=0/br=1/rs=AON9PukWMW4vJOtQCNtnCvD63iatClJ0vQ/m=b?wli=ngh.GcEHkipkwdI.loadG3markFullWrapper.O%3A%3B:353
[  266364ms] [ERROR] Failed to load resource: the server responded with a status of 403 () @ https://firebase.clients6.google.com/$rpc/google.firebase.service.v1beta1.AndroidAppService/ListAndroidApps:0
[  266365ms] [ERROR] kf @ https://www.gstatic.com/_/fireconsole/_/js/k=fireconsole.ngh.en_US.MB1ywtK1jPA.2018.O/am=BBDgyMABJhA/d=1/dg=0/br=1/rs=AON9PukWMW4vJOtQCNtnCvD63iatClJ0vQ/m=b?wli=ngh.GcEHkipkwdI.loadG3markFullWrapper.O%3A%3B:353
[  266483ms] [ERROR] Failed to load resource: the server responded with a status of 404 () @ https://developers.clients6.google.com/$rpc/google.developers.v1beta1.DeveloperProfilesService/GetProfile:0
[  266770ms] [ERROR] Failed to load resource: the server responded with a status of 403 () @ https://cloudresourcemanager.clients6.google.com/$rpc/google.cloud.resourcemanager.v3.Projects/GetProject:0
[  266776ms] [ERROR] kf @ https://www.gstatic.com/_/fireconsole/_/js/k=fireconsole.ngh.en_US.MB1ywtK1jPA.2018.O/am=BBDgyMABJhA/d=1/dg=0/br=1/rs=AON9PukWMW4vJOtQCNtnCvD63iatClJ0vQ/m=b?wli=ngh.GcEHkipkwdI.loadG3markFullWrapper.O%3A%3B:353
[  342593ms] [ERROR] Failed to load resource: the server responded with a status of 404 () @ https://cloudusersettings-pa.clients6.google.com/v1alpha1/settings/FIREBASE_PROMOS_DISMISSED_UNTIL?key.subkey=mfa_conformance_banner_2024_12_21&alt=json&key=AIzaSyDovLKo3djdRbs963vqKdbj-geRWyzMTrg:0
[  342766ms] [ERROR] Failed to load resource: the server responded with a status of 404 () @ https://cloudusersettings-pa.clients6.google.com/v1alpha1/settings/SHELL_STARS_GLOBAL?key.subkey=PROJECT&key=AIzaSyDovLKo3djdRbs963vqKdbj-geRWyzMTrg&alt=json:0
[  342773ms] [ERROR] Failed to load resource: the server responded with a status of 404 () @ https://cloudusersettings-pa.clients6.google.com/v1alpha1/settings/FIREBASE_CONSOLE_LEFT_NAV_EXPAND_COLLAPSE?key.subkey=SIDENAV_HORIZONTAL_EXPANDED&alt=json&key=AIzaSyDovLKo3djdRbs963vqKdbj-geRWyzMTrg:0
[  342806ms] [ERROR] Failed to load resource: the server responded with a status of 404 () @ https://cloudusersettings-pa.clients6.google.com/v1alpha1/settings/SHELL_STARS_GLOBAL?key.subkey=FIREBASE_STUDIO_WORKSPACE&key=AIzaSyDovLKo3djdRbs963vqKdbj-geRWyzMTrg&alt=json:0
[  342807ms] [ERROR] Failed to load resource: the server responded with a status of 404 () @ https://cloudusersettings-pa.clients6.google.com/v1alpha1/settings/FIREBASE_CONSOLE_NAVBAR_PROMO?alt=json&key=AIzaSyDovLKo3djdRbs963vqKdbj-geRWyzMTrg:0
[  342822ms] [ERROR] Failed to load resource: the server responded with a status of 404 () @ https://cloudusersettings-pa.clients6.google.com/v1alpha1/settings/FIREBASE_CONSOLE_RECENT_PAGE_LINKS?key.projectId=shineportal-ktt&alt=json&key=AIzaSyDovLKo3djdRbs963vqKdbj-geRWyzMTrg:0
[  342839ms] [ERROR] Failed to load resource: the server responded with a status of 403 () @ https://firebase.clients6.google.com/$rpc/google.firebase.service.v1beta1.AndroidAppService/ListAndroidApps:0
[  342844ms] [ERROR] kf @ https://www.gstatic.com/_/fireconsole/_/js/k=fireconsole.ngh.en_US.MB1ywtK1jPA.2018.O/am=BBDgyMABJhA/d=1/dg=0/br=1/rs=AON9PukWMW4vJOtQCNtnCvD63iatClJ0vQ/m=b?wli=ngh.GcEHkipkwdI.loadG3markFullWrapper.O%3A%3B:353
[  342848ms] [ERROR] Failed to load resource: the server responded with a status of 403 () @ https://firebase.clients6.google.com/v1beta1/projects/shineportal-ktt/analyticsDetails?key=AIzaSyDovLKo3djdRbs963vqKdbj-geRWyzMTrg&alt=json:0
[  342858ms] [ERROR] Failed to load resource: the server responded with a status of 403 () @ https://firebase.clients6.google.com/$rpc/google.firebase.service.v1beta1.IosAppService/ListIosApps:0
[  342859ms] [ERROR] kf @ https://www.gstatic.com/_/fireconsole/_/js/k=fireconsole.ngh.en_US.MB1ywtK1jPA.2018.O/am=BBDgyMABJhA/d=1/dg=0/br=1/rs=AON9PukWMW4vJOtQCNtnCvD63iatClJ0vQ/m=b?wli=ngh.GcEHkipkwdI.loadG3markFullWrapper.O%3A%3B:353
[  342859ms] [ERROR] Failed to load resource: the server responded with a status of 403 () @ https://firebase.clients6.google.com/$rpc/google.firebase.service.v1beta1.WebAppService/ListWebApps:0
[  342859ms] [ERROR] kf @ https://www.gstatic.com/_/fireconsole/_/js/k=fireconsole.ngh.en_US.MB1ywtK1jPA.2018.O/am=BBDgyMABJhA/d=1/dg=0/br=1/rs=AON9PukWMW4vJOtQCNtnCvD63iatClJ0vQ/m=b?wli=ngh.GcEHkipkwdI.loadG3markFullWrapper.O%3A%3B:353
[  342872ms] [ERROR] Failed to load resource: the server responded with a status of 403 () @ https://firebase.clients6.google.com/v1beta1/projects/shineportal-ktt?key=AIzaSyDovLKo3djdRbs963vqKdbj-geRWyzMTrg&alt=json:0
[  342873ms] [ERROR] Failed to load resource: the server responded with a status of 403 () @ https://firebase.clients6.google.com/$rpc/google.firebase.service.v1beta1.FirebaseProjectService/SearchFirebaseApps:0
[  342873ms] [ERROR] kf @ https://www.gstatic.com/_/fireconsole/_/js/k=fireconsole.ngh.en_US.MB1ywtK1jPA.2018.O/am=BBDgyMABJhA/d=1/dg=0/br=1/rs=AON9PukWMW4vJOtQCNtnCvD63iatClJ0vQ/m=b?wli=ngh.GcEHkipkwdI.loadG3markFullWrapper.O%3A%3B:353
[  343016ms] [ERROR] Failed to load resource: the server responded with a status of 404 () @ https://developers.clients6.google.com/$rpc/google.developers.v1beta1.DeveloperProfilesService/GetProfile:0
[  343323ms] [ERROR] Failed to load resource: the server responded with a status of 403 () @ https://cloudresourcemanager.clients6.google.com/$rpc/google.cloud.resourcemanager.v3.Projects/GetProject:0
[  343324ms] [ERROR] kf @ https://www.gstatic.com/_/fireconsole/_/js/k=fireconsole.ngh.en_US.MB1ywtK1jPA.2018.O/am=BBDgyMABJhA/d=1/dg=0/br=1/rs=AON9PukWMW4vJOtQCNtnCvD63iatClJ0vQ/m=b?wli=ngh.GcEHkipkwdI.loadG3markFullWrapper.O%3A%3B:353
